================================================================================
NEXUS DYNAMICS // CENTRAL SECURITY DAEMON LOG
Host: SEC-NODE-CENTRAL-01 | Kernel: 6.8.0-45-nexus-sentinel
Timestamp: 2026-10-02 02:00:00 IST
================================================================================

[01:14:22] [NET_WARN] Gateway port 8443: Outbound stream initiated from 10.14.3.4 (Lab 304).
[01:15:00] [AUDIT] Security swipe event: Badge #9042 logged at Room 304 door lock.
[01:42:18] [OPTICAL] Camera CAM-04 triggered at Gate B. Snapshot captured to cam04_frame.png.
[01:45:12] [VOIP] Intercepted call recorded on internal buffer. See phone_log.txt.
[01:47:50] [AUTH] User e.rostova forced logoff by root override.
[01:50:00] [SENTINEL] Sentinel-AI quarantine policy triggered:
           - Storage wiped scheduled for midnight.
           - Passcode required to abort automatic purge.
[01:52:10] [OPTICAL_DIAG] Room 304 crime scene camera optical calibration:
           - File: lab_photo.png
           - Metadata property Tag: LAT_10.5276 (Embedded in EXIF / PNG chunk)
           - Sensor Note: Whiteboard coordinate grid must be cross-referenced with Building B blueprint (floor_blueprint.png).
[01:58:30] [FS_WARN] Stage 2 encrypted vault detected: stage2_vault.zip.
[02:00:00] [STATUS] Active investigation status: CCTF lead team engaged.
================================================================================
